kotlin version: 2.2.10
error message: java.lang.RuntimeException: Exception while generating code for:
FUN name:loadCategories visibility:private modality:FINAL returnType:kotlin.Unit
  VALUE_PARAMETER kind:DispatchReceiver name:<this> index:0 type:com.example.smartbudgettracker.CategoryActivity
  VALUE_PARAMETER kind:Regular name:container index:1 type:android.widget.LinearLayout
  BLOCK_BODY
    CALL 'public open fun removeAllViews (): kotlin.Unit [fake_override] declared in android.widget.LinearLayout' type=kotlin.Unit origin=null
      ARG <this>: GET_VAR 'container: android.widget.LinearLayout declared in com.example.smartbudgettracker.CategoryActivity.loadCategories' type=android.widget.LinearLayout origin=null
    VAR name:dbHelper type:com.example.smartbudgettracker.DatabaseHelper [val]
      CONSTRUCTOR_CALL 'public constructor <init> (context: android.content.Context) [primary] declared in com.example.smartbudgettracker.DatabaseHelper' type=com.example.smartbudgettracker.DatabaseHelper origin=null
        ARG context: GET_VAR '<this>: com.example.smartbudgettracker.CategoryActivity declared in com.example.smartbudgettracker.CategoryActivity.loadCategories' type=com.example.smartbudgettracker.CategoryActivity origin=null
    VAR name:db type:@[FlexibleNullability] android.database.sqlite.SQLiteDatabase? [val]
      CALL 'public open fun getReadableDatabase (): @[FlexibleNullability] android.database.sqlite.SQLiteDatabase? [fake_override] declared in com.example.smartbudgettracker.DatabaseHelper' type=@[FlexibleNullability] android.database.sqlite.SQLiteDatabase? origin=GET_PROPERTY
        ARG <this>: GET_VAR 'val dbHelper: com.example.smartbudgettracker.DatabaseHelper [val] declared in com.example.smartbudgettracker.CategoryActivity.loadCategories' type=com.example.smartbudgettracker.DatabaseHelper origin=null
    VAR name:cursor type:android.database.Cursor [val]
      BLOCK type=android.database.Cursor origin=null
        VAR IR_TEMPORARY_VARIABLE name:tmp0 type:kotlin.Any? [val]
          CALL 'public open fun rawQuery (p0: @[EnhancedNullability] kotlin.String, p1: @[FlexibleArrayElementVariance] kotlin.Array<out @[FlexibleNullability] kotlin.String?>?): @[EnhancedNullability] android.database.Cursor declared in android.database.sqlite.SQLiteDatabase' type=@[EnhancedNullability] android.database.Cursor origin=null
            ARG <this>: GET_VAR 'val db: @[FlexibleNullability] android.database.sqlite.SQLiteDatabase? [val] declared in com.example.smartbudgettracker.CategoryActivity.loadCategories' type=@[FlexibleNullability] android.database.sqlite.SQLiteDatabase? origin=null
            ARG p0: CONST String type=kotlin.String value="SELECT id, name FROM categories ORDER BY name ASC"
            ARG p1: CONST Null type=kotlin.Nothing? value=null
        CALL 'public final fun checkNotNullExpressionValue (value: kotlin.Any?, expression: kotlin.String): kotlin.Unit declared in kotlin.jvm.internal.Intrinsics' type=kotlin.Unit origin=null
          ARG value: GET_VAR 'val tmp0: kotlin.Any? [val] declared in com.example.smartbudgettracker.CategoryActivity.loadCategories' type=kotlin.Any? origin=null
          ARG expression: CONST String type=kotlin.String value="rawQuery(...)"
        GET_VAR 'val tmp0: kotlin.Any? [val] declared in com.example.smartbudgettracker.CategoryActivity.loadCategories' type=kotlin.Any? origin=null
    WHILE label=CategoryActivity$loadCategories1 origin=WHILE_LOOP
      condition: CALL 'public abstract fun moveToNext (): kotlin.Boolean declared in android.database.Cursor' type=kotlin.Boolean origin=null
        ARG <this>: GET_VAR 'val cursor: android.database.Cursor [val] declared in com.example.smartbudgettracker.CategoryActivity.loadCategories' type=android.database.Cursor origin=null
      body: BLOCK type=kotlin.Unit origin=null
        VAR name:name type:@[FlexibleNullability] kotlin.String? [val]
          CALL 'public abstract fun getString (p0: kotlin.Int): @[FlexibleNullability] kotlin.String? declared in android.database.Cursor' type=@[FlexibleNullability] kotlin.String? origin=null
            ARG <this>: GET_VAR 'val cursor: android.database.Cursor [val] declared in com.example.smartbudgettracker.CategoryActivity.loadCategories' type=android.database.Cursor origin=null
            ARG p0: CONST Int type=kotlin.Int value=1
        VAR name:card type:androidx.cardview.widget.CardView [val]
          CALL 'public final fun apply <T> (<this>: T of kotlin.StandardKt.apply, block: @[ExtensionFunctionType] kotlin.Function1<T of kotlin.StandardKt.apply, kotlin.Unit>): T of kotlin.StandardKt.apply [inline] declared in kotlin.StandardKt' type=androidx.cardview.widget.CardView origin=null
            TYPE_ARG T: androidx.cardview.widget.CardView
            ARG <this>: CONSTRUCTOR_CALL 'public constructor <init> (p0: @[EnhancedNullability] android.content.Context) declared in androidx.cardview.widget.CardView' type=androidx.cardview.widget.CardView origin=null
              ARG p0: GET_VAR '<this>: com.example.smartbudgettracker.CategoryActivity declared in com.example.smartbudgettracker.CategoryActivity.loadCategories' type=com.example.smartbudgettracker.CategoryActivity origin=null
            ARG block: BLOCK type=@[ExtensionFunctionType] kotlin.Function1<androidx.cardview.widget.CardView, kotlin.Unit> origin=LAMBDA
              COMPOSITE type=kotlin.Unit origin=null
              FUNCTION_REFERENCE 'private final fun loadCategories$lambda$2 ($this$apply: androidx.cardview.widget.CardView): kotlin.Unit declared in com.example.smartbudgettracker.CategoryActivity' type=@[ExtensionFunctionType] kotlin.Function1<androidx.cardview.widget.CardView, kotlin.Unit> origin=INLINE_LAMBDA reflectionTarget=null
        VAR name:textView type:android.widget.TextView [val]
          CALL 'public final fun apply <T> (<this>: T of kotlin.StandardKt.apply, block: @[ExtensionFunctionType] kotlin.Function1<T of kotlin.StandardKt.apply, kotlin.Unit>): T of kotlin.StandardKt.apply [inline] declared in kotlin.StandardKt' type=android.widget.TextView origin=null
            TYPE_ARG T: android.widget.TextView
            ARG <this>: CONSTRUCTOR_CALL 'public constructor <init> (p0: @[FlexibleNullability] android.content.Context?) declared in android.widget.TextView' type=android.widget.TextView origin=null
              ARG p0: GET_VAR '<this>: com.example.smartbudgettracker.CategoryActivity declared in com.example.smartbudgettracker.CategoryActivity.loadCategories' type=com.example.smartbudgettracker.CategoryActivity origin=null
            ARG block: BLOCK type=@[ExtensionFunctionType] kotlin.Function1<android.widget.TextView, kotlin.Unit> origin=LAMBDA
              COMPOSITE type=kotlin.Unit origin=null
              FUNCTION_REFERENCE 'private final fun loadCategories$lambda$3 ($this$apply: android.widget.TextView, $name: @[FlexibleNullability] kotlin.String?): kotlin.Unit declared in com.example.smartbudgettracker.CategoryActivity' type=@[ExtensionFunctionType] kotlin.Function1<android.widget.TextView, kotlin.Unit> origin=INLINE_LAMBDA reflectionTarget=null
                ARG $name: GET_VAR 'val name: @[FlexibleNullability] kotlin.String? [val] declared in com.example.smartbudgettracker.CategoryActivity.loadCategories' type=@[FlexibleNullability] kotlin.String? origin=null
        CALL 'public open fun addView (p0: @[FlexibleNullability] android.view.View?): kotlin.Unit [fake_override] declared in androidx.cardview.widget.CardView' type=kotlin.Unit origin=null
          ARG <this>: GET_VAR 'val card: androidx.cardview.widget.CardView [val] declared in com.example.smartbudgettracker.CategoryActivity.loadCategories' type=androidx.cardview.widget.CardView origin=null
          ARG p0: GET_VAR 'val textView: android.widget.TextView [val] declared in com.example.smartbudgettracker.CategoryActivity.loadCategories' type=android.widget.TextView origin=null
        CALL 'public open fun addView (p0: @[FlexibleNullability] android.view.View?): kotlin.Unit [fake_override] declared in android.widget.LinearLayout' type=kotlin.Unit origin=null
          ARG <this>: GET_VAR 'container: android.widget.LinearLayout declared in com.example.smartbudgettracker.CategoryActivity.loadCategories' type=android.widget.LinearLayout origin=null
          ARG p0: GET_VAR 'val card: androidx.cardview.widget.CardView [val] declared in com.example.smartbudgettracker.CategoryActivity.loadCategories' type=androidx.cardview.widget.CardView origin=null
    CALL 'public abstract fun close (): kotlin.Unit declared in android.database.Cursor' type=kotlin.Unit origin=null
      ARG <this>: GET_VAR 'val cursor: android.database.Cursor [val] declared in com.example.smartbudgettracker.CategoryActivity.loadCategories' type=android.database.Cursor origin=null
    COMPOSITE type=kotlin.Unit origin=null
      CALL 'public open fun d (p0: @[EnhancedNullability] kotlin.String?, p1: @[EnhancedNullability] kotlin.String): kotlin.Int declared in android.util.Log' type=kotlin.Int origin=null
        ARG p0: CONST String type=kotlin.String value="SmartBudget"
        ARG p1: CONST String type=kotlin.String value="Categories loaded into list"
      COMPOSITE type=kotlin.Unit origin=null

	at org.jetbrains.kotlin.backend.jvm.codegen.FunctionCodegen.generate(FunctionCodegen.kt:50)
	at org.jetbrains.kotlin.backend.jvm.codegen.FunctionCodegen.generate$default(FunctionCodegen.kt:43)
	at org.jetbrains.kotlin.backend.jvm.codegen.ClassCodegen.generateMethodNode(ClassCodegen.kt:422)
	at org.jetbrains.kotlin.backend.jvm.codegen.ClassCodegen.generateMethod(ClassCodegen.kt:439)
	at org.jetbrains.kotlin.backend.jvm.codegen.ClassCodegen.generate(ClassCodegen.kt:164)
	at org.jetbrains.kotlin.backend.jvm.JvmIrCodegenFactory.generateFile(JvmIrCodegenFactory.kt:419)
	at org.jetbrains.kotlin.backend.jvm.JvmIrCodegenFactory.invokeCodegen(JvmIrCodegenFactory.kt:388)
	at org.jetbrains.kotlin.cli.jvm.compiler.KotlinToJVMBytecodeCompiler.runCodegen$cli(KotlinToJVMBytecodeCompiler.kt:431)
	at org.jetbrains.kotlin.cli.pipeline.jvm.JvmBackendPipelinePhase.executePhase(JvmBackendPipelinePhase.kt:95)
	at org.jetbrains.kotlin.cli.pipeline.jvm.JvmBackendPipelinePhase.executePhase(JvmBackendPipelinePhase.kt:36)
	at org.jetbrains.kotlin.cli.pipeline.jvm.JvmBackendPipelinePhase.executePhase(JvmBackendPipelinePhase.kt:29)
	at org.jetbrains.kotlin.cli.pipeline.PipelinePhase.phaseBody(PipelinePhase.kt:68)
	at org.jetbrains.kotlin.cli.pipeline.PipelinePhase.phaseBody(PipelinePhase.kt:58)
	at org.jetbrains.kotlin.config.phaser.NamedCompilerPhase.invoke(CompilerPhase.kt:102)
	at org.jetbrains.kotlin.backend.common.phaser.CompositePhase.invoke(PhaseBuilders.kt:22)
	at org.jetbrains.kotlin.config.phaser.CompilerPhaseKt.invokeToplevel(CompilerPhase.kt:53)
	at org.jetbrains.kotlin.cli.pipeline.AbstractCliPipeline.runPhasedPipeline(AbstractCliPipeline.kt:109)
	at org.jetbrains.kotlin.cli.pipeline.AbstractCliPipeline.execute(AbstractCliPipeline.kt:68)
	at org.jetbrains.kotlin.cli.jvm.K2JVMCompiler.doExecutePhased(K2JVMCompiler.kt:78)
	at org.jetbrains.kotlin.cli.jvm.K2JVMCompiler.doExecutePhased(K2JVMCompiler.kt:44)
	at org.jetbrains.kotlin.cli.common.CLICompiler.execImpl(CLICompiler.kt:90)
	at org.jetbrains.kotlin.cli.common.CLICompiler.exec(CLICompiler.kt:352)
	at org.jetbrains.kotlin.incremental.IncrementalJvmCompilerRunnerBase.runCompiler(IncrementalJvmCompilerRunnerBase.kt:175)
	at org.jetbrains.kotlin.incremental.IncrementalJvmCompilerRunnerBase.runCompiler(IncrementalJvmCompilerRunnerBase.kt:38)
	at org.jetbrains.kotlin.incremental.IncrementalCompilerRunner.doCompile(IncrementalCompilerRunner.kt:504)
	at org.jetbrains.kotlin.incremental.IncrementalCompilerRunner.compileImpl(IncrementalCompilerRunner.kt:421)
	at org.jetbrains.kotlin.incremental.IncrementalCompilerRunner.compileNonIncrementally(IncrementalCompilerRunner.kt:306)
	at org.jetbrains.kotlin.incremental.IncrementalCompilerRunner.compile(IncrementalCompilerRunner.kt:133)
	at org.jetbrains.kotlin.daemon.CompileServiceImplBase.execIncrementalCompiler(CompileServiceImpl.kt:679)
	at org.jetbrains.kotlin.daemon.CompileServiceImplBase.access$execIncrementalCompiler(CompileServiceImpl.kt:93)
	at org.jetbrains.kotlin.daemon.CompileServiceImpl.compile(CompileServiceImpl.kt:1806)
	at java.base/jdk.internal.reflect.DirectMethodHandleAccessor.invoke(Unknown Source)
	at java.base/java.lang.reflect.Method.invoke(Unknown Source)
	at java.rmi/sun.rmi.server.UnicastServerRef.dispatch(Unknown Source)
	at java.rmi/sun.rmi.transport.Transport$1.run(Unknown Source)
	at java.rmi/sun.rmi.transport.Transport$1.run(Unknown Source)
	at java.base/java.security.AccessController.doPrivileged(Unknown Source)
	at java.rmi/sun.rmi.transport.Transport.serviceCall(Unknown Source)
	at java.rmi/sun.rmi.transport.tcp.TCPTransport.handleMessages(Unknown Source)
	at java.rmi/sun.rmi.transport.tcp.TCPTransport$ConnectionHandler.run0(Unknown Source)
	at java.rmi/sun.rmi.transport.tcp.TCPTransport$ConnectionHandler.lambda$run$0(Unknown Source)
	at java.base/java.security.AccessController.doPrivileged(Unknown Source)
	at java.rmi/sun.rmi.transport.tcp.TCPTransport$ConnectionHandler.run(Unknown Source)
	at java.base/java.util.concurrent.ThreadPoolExecutor.runWorker(Unknown Source)
	at java.base/java.util.concurrent.ThreadPoolExecutor$Worker.run(Unknown Source)
	at java.base/java.lang.Thread.run(Unknown Source)
Caused by: java.lang.RuntimeException: Exception while generating code for:
FUN INLINE_LAMBDA name:loadCategories$lambda$3 visibility:private modality:FINAL returnType:kotlin.Unit
  VALUE_PARAMETER kind:ExtensionReceiver name:$this$apply index:0 type:android.widget.TextView
  VALUE_PARAMETER BOUND_VALUE_PARAMETER kind:Regular name:$name index:1 type:@[FlexibleNullability] kotlin.String?
  BLOCK_BODY
    VAR name:$i$a$-apply-CategoryActivity$loadCategories$textView$1 type:kotlin.Int [val]
      CONST Int type=kotlin.Int value=0
    CALL 'public final fun setText (p0: @[FlexibleNullability] kotlin.CharSequence?): kotlin.Unit declared in android.widget.TextView' type=kotlin.Unit origin=EQ
      ARG <this>: GET_VAR '$this$apply: android.widget.TextView declared in com.example.smartbudgettracker.CategoryActivity.loadCategories$lambda$3' type=android.widget.TextView origin=null
      ARG p0: STRING_CONCATENATION type=kotlin.String
        CONST String type=kotlin.String value="\uD83C\uDFF7\uFE0F  "
        GET_VAR '$name: @[FlexibleNullability] kotlin.String? declared in com.example.smartbudgettracker.CategoryActivity.loadCategories$lambda$3' type=@[FlexibleNullability] kotlin.String? origin=null
    CALL 'public open fun setTextSize (p0: kotlin.Float): kotlin.Unit declared in android.widget.TextView' type=kotlin.Unit origin=EQ
      ARG <this>: GET_VAR '$this$apply: android.widget.TextView declared in com.example.smartbudgettracker.CategoryActivity.loadCategories$lambda$3' type=android.widget.TextView origin=null
      ARG p0: CONST Float type=kotlin.Float value=16.0
    CALL 'public open fun setTextColor (p0: kotlin.Int): kotlin.Unit declared in android.widget.TextView' type=kotlin.Unit origin=null
      ARG <this>: GET_VAR '$this$apply: android.widget.TextView declared in com.example.smartbudgettracker.CategoryActivity.loadCategories$lambda$3' type=android.widget.TextView origin=null
      ARG p0: CALL 'public open fun parseColor (p0: @[FlexibleNullability] kotlin.String?): kotlin.Int declared in android.graphics.Color' type=kotlin.Int origin=null
        ARG p0: CONST String type=kotlin.String value="#333333"
    SET_FIELD 'FIELD IR_EXTERNAL_JAVA_DECLARATION_STUB name:textStyle type:kotlin.Int visibility:public [final,static] declared in android.R.attr' type=kotlin.Unit superQualifierSymbol=android.R.attr origin=EQ
      value: CONST Int type=kotlin.Int value=1

	at org.jetbrains.kotlin.backend.jvm.codegen.FunctionCodegen.generate(FunctionCodegen.kt:50)
	at org.jetbrains.kotlin.backend.jvm.codegen.IrSourceCompilerForInline.generateLambdaBody(IrSourceCompilerForInline.kt:72)
	at org.jetbrains.kotlin.codegen.inline.ExpressionLambda.generateLambdaBody(LambdaInfo.kt:72)
	at org.jetbrains.kotlin.backend.jvm.codegen.IrInlineCodegen.genValueAndPut(IrInlineCodegen.kt:122)
	at org.jetbrains.kotlin.backend.jvm.codegen.ExpressionCodegen.visitCall$handleParameter(ExpressionCodegen.kt:564)
	at org.jetbrains.kotlin.backend.jvm.codegen.ExpressionCodegen.visitCall(ExpressionCodegen.kt:577)
	at org.jetbrains.kotlin.backend.jvm.codegen.ExpressionCodegen.visitCall(ExpressionCodegen.kt:135)
	at org.jetbrains.kotlin.ir.expressions.IrCall.accept(IrCall.kt:24)
	at org.jetbrains.kotlin.backend.jvm.codegen.ExpressionCodegen.visitVariable(ExpressionCodegen.kt:725)
	at org.jetbrains.kotlin.backend.jvm.codegen.ExpressionCodegen.visitVariable(ExpressionCodegen.kt:135)
	at org.jetbrains.kotlin.ir.declarations.IrVariable.accept(IrVariable.kt:36)
	at org.jetbrains.kotlin.backend.jvm.codegen.ExpressionCodegen.visitStatementContainer(ExpressionCodegen.kt:527)
	at org.jetbrains.kotlin.backend.jvm.codegen.ExpressionCodegen.visitContainerExpression(ExpressionCodegen.kt:541)
	at org.jetbrains.kotlin.backend.jvm.codegen.ExpressionCodegen.visitContainerExpression(ExpressionCodegen.kt:135)
	at org.jetbrains.kotlin.ir.visitors.IrVisitor.visitBlock(IrVisitor.kt:122)
	at org.jetbrains.kotlin.backend.jvm.codegen.ExpressionCodegen.visitBlock(ExpressionCodegen.kt:413)
	at org.jetbrains.kotlin.backend.jvm.codegen.ExpressionCodegen.visitBlock(ExpressionCodegen.kt:135)
	at org.jetbrains.kotlin.ir.expressions.IrBlock.accept(IrBlock.kt:18)
	at org.jetbrains.kotlin.backend.jvm.codegen.ExpressionCodegen.visitWhileLoop(ExpressionCodegen.kt:1130)
	at org.jetbrains.kotlin.backend.jvm.codegen.ExpressionCodegen.visitWhileLoop(ExpressionCodegen.kt:135)
	at org.jetbrains.kotlin.ir.expressions.IrWhileLoop.accept(IrWhileLoop.kt:19)
	at org.jetbrains.kotlin.backend.jvm.codegen.ExpressionCodegen.visitStatementContainer(ExpressionCodegen.kt:527)
	at org.jetbrains.kotlin.backend.jvm.codegen.ExpressionCodegen.visitBlockBody(ExpressionCodegen.kt:532)
	at org.jetbrains.kotlin.backend.jvm.codegen.ExpressionCodegen.visitBlockBody(ExpressionCodegen.kt:135)
	at org.jetbrains.kotlin.ir.expressions.IrBlockBody.accept(IrBlockBody.kt:20)
	at org.jetbrains.kotlin.backend.jvm.codegen.ExpressionCodegen.generate(ExpressionCodegen.kt:233)
	at org.jetbrains.kotlin.backend.jvm.codegen.FunctionCodegen.doGenerate(FunctionCodegen.kt:126)
	at org.jetbrains.kotlin.backend.jvm.codegen.FunctionCodegen.generate(FunctionCodegen.kt:47)
	... 45 more
Caused by: java.lang.AssertionError: access of const val: SET_FIELD 'FIELD IR_EXTERNAL_JAVA_DECLARATION_STUB name:textStyle type:kotlin.Int visibility:public [final,static] declared in android.R.attr' type=kotlin.Unit superQualifierSymbol=android.R.attr origin=EQ
  value: CONST Int type=kotlin.Int value=1

	at org.jetbrains.kotlin.backend.jvm.codegen.ExpressionCodegen.visitFieldAccess(ExpressionCodegen.kt:807)
	at org.jetbrains.kotlin.backend.jvm.codegen.ExpressionCodegen.visitFieldAccess(ExpressionCodegen.kt:135)
	at org.jetbrains.kotlin.ir.visitors.IrVisitor.visitSetField(IrVisitor.kt:215)
	at org.jetbrains.kotlin.backend.jvm.codegen.ExpressionCodegen.visitSetField(ExpressionCodegen.kt:858)
	at org.jetbrains.kotlin.backend.jvm.codegen.ExpressionCodegen.visitSetField(ExpressionCodegen.kt:135)
	at org.jetbrains.kotlin.ir.expressions.IrSetField.accept(IrSetField.kt:21)
	at org.jetbrains.kotlin.backend.jvm.codegen.ExpressionCodegen.visitStatementContainer(ExpressionCodegen.kt:527)
	at org.jetbrains.kotlin.backend.jvm.codegen.ExpressionCodegen.visitBlockBody(ExpressionCodegen.kt:532)
	at org.jetbrains.kotlin.backend.jvm.codegen.ExpressionCodegen.visitBlockBody(ExpressionCodegen.kt:135)
	at org.jetbrains.kotlin.ir.expressions.IrBlockBody.accept(IrBlockBody.kt:20)
	at org.jetbrains.kotlin.backend.jvm.codegen.ExpressionCodegen.generate(ExpressionCodegen.kt:233)
	at org.jetbrains.kotlin.backend.jvm.codegen.FunctionCodegen.doGenerate(FunctionCodegen.kt:126)
	at org.jetbrains.kotlin.backend.jvm.codegen.FunctionCodegen.generate(FunctionCodegen.kt:47)
	... 72 more


